[2026-08-31T14:58:57+02:00] New Consultation Request (Crypto Wallet popup)
Name: Test User
Phone: 9876543210
Subject: New Consultation Request (Crypto Wallet popup)

[2026-08-31T15:19:19+02:00] New website enquiry
Name: LAN IP curl test
Phone: 1234567890

[2026-09-01T14:49:31+02:00] New Demo Request (Site Popup)
Name: satz
Email: satz@yopmail.com
Phone: 23649823469
Product: Business Software (CRM, ERP & Wallet)
ProductOther: 
Consent: 1
Subject: New Demo Request (Site Popup)
Cart: [{"id":"youtube-clone:Corporate","productName":"AI-Powered YouTube Clone","productSlug":"youtube-clone","pageUrl":"\/youtube-clone","planName":"Corporate","price":"$3899","features":[["1 Domain license",true],["One-Time Payment",true],["100% Source Code",true],["3 Months Support",true],["Unlimited Updates",true],["Free Installation",true],["Android App",true],["iOS App",true],["Mobile App Submission",true],["Access All Features",true]],"addedAt":1788265461871}]
CartTotalUsd: 3899
Currency: USD

[2026-09-01T15:55:24+02:00] New Meeting Booking Request (Home page)
Fullname: Test
Email: fenizosocialmarketing@gmail.com
Phone: +917373255102
Message: Test by clinescript 
Consent: 1
Subject: New Meeting Booking Request (Home page)

